// Jest Snapshot v1, https://goo.gl/fbAQLP

exports[`should take a snapshot 1`] = `
<DocumentFragment>
  <div
    class="App"
  >
    <header
      class="App-header"
    >
      <div>
        <p
          data-testid="text-content"
        />
        <div>
          <form>
            <textarea
              cols="33"
              placeholder="What would you like to say?"
              rows="5"
            />
            <br />
            <button
              disabled=""
              type="submit"
            >
              Submit
            </button>
          </form>
        </div>
      </div>
    </header>
  </div>
</DocumentFragment>
`;
